// Jest Snapshot v1, https://goo.gl/fbAQLP

exports[`Footer should render and match snapshot 1`] = `
<div>
  <footer
    class="footer"
  >
    made with ❤︎ by Selina & Dennis
  </footer>
</div>
`;
